--------------------------------------------------------------------------------
Release 14.7 Trace  (nt64)
Copyright (c) 1995-2013 Xilinx, Inc.  All rights reserved.

C:\Xilinx\14.7\ISE_DS\ISE\bin\nt64\unwrapped\trce.exe -intstyle ise -v 3 -s 3
-n 3 -fastpaths -xml top_my_adder.twx top_my_adder.ncd -o top_my_adder.twr
top_my_adder.pcf -ucf top_adder_pin_ucf.ucf

Design file:              top_my_adder.ncd
Physical constraint file: top_my_adder.pcf
Device,package,speed:     xc6slx16,csg324,C,-3 (PRODUCTION 1.23 2013-10-13)
Report level:             verbose report

Environment Variable      Effect 
--------------------      ------ 
NONE                      No environment variables were set
--------------------------------------------------------------------------------

INFO:Timing:2698 - No timing constraints found, doing default enumeration.
INFO:Timing:3412 - To improve timing, see the Timing Closure User Guide (UG612).
INFO:Timing:2752 - To get complete path coverage, use the unconstrained paths 
   option. All paths that are not constrained will be reported in the 
   unconstrained paths section(s) of the report.
INFO:Timing:3339 - The clock-to-out numbers in this timing report are based on 
   a 50 Ohm transmission line loading model.  For the details of this model, 
   and for more information on accounting for different loading conditions, 
   please see the device datasheet.



Data Sheet report:
-----------------
All values displayed in nanoseconds (ns)

Pad to Pad
---------------+---------------+---------+
Source Pad     |Destination Pad|  Delay  |
---------------+---------------+---------+
A<0>           |Cout           |   12.381|
A<0>           |Sum<0>         |   10.116|
A<0>           |Sum<1>         |   10.332|
A<0>           |Sum<2>         |   10.307|
A<0>           |Sum<3>         |   10.919|
A<1>           |Cout           |   12.539|
A<1>           |Sum<1>         |   11.177|
A<1>           |Sum<2>         |   10.727|
A<1>           |Sum<3>         |   11.077|
A<2>           |Cout           |   12.759|
A<2>           |Sum<2>         |   10.350|
A<2>           |Sum<3>         |   11.297|
A<3>           |Cout           |   11.236|
A<3>           |Sum<3>         |    9.774|
B<0>           |Cout           |   11.940|
B<0>           |Sum<0>         |    8.641|
B<0>           |Sum<1>         |    8.857|
B<0>           |Sum<2>         |    9.940|
B<0>           |Sum<3>         |   10.478|
B<1>           |Cout           |   12.912|
B<1>           |Sum<1>         |    9.466|
B<1>           |Sum<2>         |   10.531|
B<1>           |Sum<3>         |   11.450|
B<2>           |Cout           |   12.489|
B<2>           |Sum<2>         |   10.363|
B<2>           |Sum<3>         |   11.027|
B<3>           |Cout           |   12.665|
B<3>           |Sum<3>         |   11.203|
---------------+---------------+---------+


Analysis completed Wed Sep 06 21:29:13 2017 
--------------------------------------------------------------------------------

Trace Settings:
-------------------------
Trace Settings 

Peak Memory Usage: 249 MB



